Obtaining file:///workspace/Simulations
  Installing build dependencies: started
  Installing build dependencies: finished with status 'done'
  Checking if build backend supports build_editable: started
  Checking if build backend supports build_editable: finished with status 'done'
  Getting requirements to build editable: started
  Getting requirements to build editable: finished with status 'done'
  Preparing editable metadata (pyproject.toml): started
  Preparing editable metadata (pyproject.toml): finished with status 'done'
Requirement already satisfied: asttokens==3.0.2 in /workspace/.venvs/midterm-sentiment/lib/python3.12/site-packages (from -r requirements-dev.lock (line 3)) (3.0.2)
Requirement already satisfied: attrs==26.1.0 in /workspace/.venvs/midterm-sentiment/lib/python3.12/site-packages (from -r requirements-dev.lock (line 4)) (26.1.0)
Requirement already satisfied: certifi==2026.7.22 in /workspace/.venvs/midterm-sentiment/lib/python3.12/site-packages (from -r requirements-dev.lock (line 5)) (2026.7.22)
Requirement already satisfied: charset-normalizer==3.5.2 in /workspace/.venvs/midterm-sentiment/lib/python3.12/site-packages (from -r requirements-dev.lock (line 6)) (3.5.2)
Requirement already satisfied: cloudpickle==3.1.2 in /workspace/.venvs/midterm-sentiment/lib/python3.12/site-packages (from -r requirements-dev.lock (line 7)) (3.1.2)
Requirement already satisfied: comm==0.2.3 in /workspace/.venvs/midterm-sentiment/lib/python3.12/site-packages (from -r requirements-dev.lock (line 8)) (0.2.3)
Requirement already satisfied: debugpy==1.8.22 in /workspace/.venvs/midterm-sentiment/lib/python3.12/site-packages (from -r requirements-dev.lock (line 9)) (1.8.22)
Requirement already satisfied: defusedxml==0.7.1 in /workspace/.venvs/midterm-sentiment/lib/python3.12/site-packages (from -r requirements-dev.lock (line 10)) (0.7.1)
Requirement already satisfied: executing==2.2.1 in /workspace/.venvs/midterm-sentiment/lib/python3.12/site-packages (from -r requirements-dev.lock (line 11)) (2.2.1)
Requirement already satisfied: fastjsonschema==2.22.2 in /workspace/.venvs/midterm-sentiment/lib/python3.12/site-packages (from -r requirements-dev.lock (line 12)) (2.22.2)
Requirement already satisfied: idna==3.20 in /workspace/.venvs/midterm-sentiment/lib/python3.12/site-packages (from -r requirements-dev.lock (line 13)) (3.20)
Requirement already satisfied: iniconfig==2.3.1 in /workspace/.venvs/midterm-sentiment/lib/python3.12/site-packages (from -r requirements-dev.lock (line 14)) (2.3.1)
Requirement already satisfied: ipykernel==7.4.0 in /workspace/.venvs/midterm-sentiment/lib/python3.12/site-packages (from -r requirements-dev.lock (line 15)) (7.4.0)
Requirement already satisfied: ipython==9.17.1 in /workspace/.venvs/midterm-sentiment/lib/python3.12/site-packages (from -r requirements-dev.lock (line 16)) (9.17.1)
Requirement already satisfied: ipython_pygments_lexers==1.1.1 in /workspace/.venvs/midterm-sentiment/lib/python3.12/site-packages (from -r requirements-dev.lock (line 17)) (1.1.1)
Requirement already satisfied: jedi==0.20.0 in /workspace/.venvs/midterm-sentiment/lib/python3.12/site-packages (from -r requirements-dev.lock (line 18)) (0.20.0)
Requirement already satisfied: joblib==1.6.0 in /workspace/.venvs/midterm-sentiment/lib/python3.12/site-packages (from -r requirements-dev.lock (line 19)) (1.6.0)
Requirement already satisfied: jsonschema==4.26.0 in /workspace/.venvs/midterm-sentiment/lib/python3.12/site-packages (from -r requirements-dev.lock (line 20)) (4.26.0)
Requirement already satisfied: jsonschema-specifications==2025.9.1 in /workspace/.venvs/midterm-sentiment/lib/python3.12/site-packages (from -r requirements-dev.lock (line 21)) (2025.9.1)
Requirement already satisfied: jupyter_client==8.10.0 in /workspace/.venvs/midterm-sentiment/lib/python3.12/site-packages (from -r requirements-dev.lock (line 22)) (8.10.0)
Requirement already satisfied: jupyter_core==5.9.1 in /workspace/.venvs/midterm-sentiment/lib/python3.12/site-packages (from -r requirements-dev.lock (line 23)) (5.9.1)
Requirement already satisfied: matplotlib-inline==0.2.2 in /workspace/.venvs/midterm-sentiment/lib/python3.12/site-packages (from -r requirements-dev.lock (line 24)) (0.2.2)
Requirement already satisfied: narwhals==2.26.0 in /workspace/.venvs/midterm-sentiment/lib/python3.12/site-packages (from -r requirements-dev.lock (line 25)) (2.26.0)
Requirement already satisfied: nbclient==0.11.0 in /workspace/.venvs/midterm-sentiment/lib/python3.12/site-packages (from -r requirements-dev.lock (line 26)) (0.11.0)
Requirement already satisfied: nbformat==5.11.1 in /workspace/.venvs/midterm-sentiment/lib/python3.12/site-packages (from -r requirements-dev.lock (line 27)) (5.11.1)
Requirement already satisfied: nest-asyncio2==1.7.3 in /workspace/.venvs/midterm-sentiment/lib/python3.12/site-packages (from -r requirements-dev.lock (line 28)) (1.7.3)
Requirement already satisfied: numpy==2.5.3 in /workspace/.venvs/midterm-sentiment/lib/python3.12/site-packages (from -r requirements-dev.lock (line 29)) (2.5.3)
Requirement already satisfied: packaging==26.3 in /workspace/.venvs/midterm-sentiment/lib/python3.12/site-packages (from -r requirements-dev.lock (line 30)) (26.3)
Requirement already satisfied: pandas==3.0.6 in /workspace/.venvs/midterm-sentiment/lib/python3.12/site-packages (from -r requirements-dev.lock (line 31)) (3.0.6)
Requirement already satisfied: parso==0.8.7 in /workspace/.venvs/midterm-sentiment/lib/python3.12/site-packages (from -r requirements-dev.lock (line 32)) (0.8.7)
Requirement already satisfied: pexpect==4.9.0 in /workspace/.venvs/midterm-sentiment/lib/python3.12/site-packages (from -r requirements-dev.lock (line 33)) (4.9.0)
Requirement already satisfied: platformdirs==4.12.3 in /workspace/.venvs/midterm-sentiment/lib/python3.12/site-packages (from -r requirements-dev.lock (line 34)) (4.12.3)
Requirement already satisfied: pluggy==1.6.0 in /workspace/.venvs/midterm-sentiment/lib/python3.12/site-packages (from -r requirements-dev.lock (line 35)) (1.6.0)
Requirement already satisfied: prompt_toolkit==3.0.53 in /workspace/.venvs/midterm-sentiment/lib/python3.12/site-packages (from -r requirements-dev.lock (line 36)) (3.0.53)
Requirement already satisfied: psutil==7.2.2 in /workspace/.venvs/midterm-sentiment/lib/python3.12/site-packages (from -r requirements-dev.lock (line 37)) (7.2.2)
Requirement already satisfied: ptyprocess==0.7.0 in /workspace/.venvs/midterm-sentiment/lib/python3.12/site-packages (from -r requirements-dev.lock (line 38)) (0.7.0)
Requirement already satisfied: pure_eval==0.2.4 in /workspace/.venvs/midterm-sentiment/lib/python3.12/site-packages (from -r requirements-dev.lock (line 39)) (0.2.4)
Requirement already satisfied: Pygments==2.21.0 in /workspace/.venvs/midterm-sentiment/lib/python3.12/site-packages (from -r requirements-dev.lock (line 40)) (2.21.0)
Requirement already satisfied: pytest==9.1.1 in /workspace/.venvs/midterm-sentiment/lib/python3.12/site-packages (from -r requirements-dev.lock (line 41)) (9.1.1)
Requirement already satisfied: python-dateutil==2.9.0.post0 in /workspace/.venvs/midterm-sentiment/lib/python3.12/site-packages (from -r requirements-dev.lock (line 42)) (2.9.0.post0)
Requirement already satisfied: PyYAML==6.0.3 in /workspace/.venvs/midterm-sentiment/lib/python3.12/site-packages (from -r requirements-dev.lock (line 43)) (6.0.3)
Requirement already satisfied: pyzmq==27.2.0 in /workspace/.venvs/midterm-sentiment/lib/python3.12/site-packages (from -r requirements-dev.lock (line 44)) (27.2.0)
Requirement already satisfied: referencing==0.37.0 in /workspace/.venvs/midterm-sentiment/lib/python3.12/site-packages (from -r requirements-dev.lock (line 45)) (0.37.0)
Requirement already satisfied: requests==2.34.2 in /workspace/.venvs/midterm-sentiment/lib/python3.12/site-packages (from -r requirements-dev.lock (line 46)) (2.34.2)
Requirement already satisfied: rpds-py==2026.9.1 in /workspace/.venvs/midterm-sentiment/lib/python3.12/site-packages (from -r requirements-dev.lock (line 47)) (2026.9.1)
Requirement already satisfied: scikit-learn==1.9.1 in /workspace/.venvs/midterm-sentiment/lib/python3.12/site-packages (from -r requirements-dev.lock (line 48)) (1.9.1)
Requirement already satisfied: scipy==1.18.1 in /workspace/.venvs/midterm-sentiment/lib/python3.12/site-packages (from -r requirements-dev.lock (line 49)) (1.18.1)
Requirement already satisfied: six==1.17.0 in /workspace/.venvs/midterm-sentiment/lib/python3.12/site-packages (from -r requirements-dev.lock (line 50)) (1.17.0)
Requirement already satisfied: stack-data==0.6.3 in /workspace/.venvs/midterm-sentiment/lib/python3.12/site-packages (from -r requirements-dev.lock (line 51)) (0.6.3)
Requirement already satisfied: threadpoolctl==3.7.0 in /workspace/.venvs/midterm-sentiment/lib/python3.12/site-packages (from -r requirements-dev.lock (line 52)) (3.7.0)
Requirement already satisfied: tornado==6.5.10 in /workspace/.venvs/midterm-sentiment/lib/python3.12/site-packages (from -r requirements-dev.lock (line 53)) (6.5.10)
Requirement already satisfied: traitlets==5.16.1 in /workspace/.venvs/midterm-sentiment/lib/python3.12/site-packages (from -r requirements-dev.lock (line 54)) (5.16.1)
Requirement already satisfied: typing_extensions==4.16.0 in /workspace/.venvs/midterm-sentiment/lib/python3.12/site-packages (from -r requirements-dev.lock (line 55)) (4.16.0)
Requirement already satisfied: urllib3==2.8.0 in /workspace/.venvs/midterm-sentiment/lib/python3.12/site-packages (from -r requirements-dev.lock (line 56)) (2.8.0)
Requirement already satisfied: wcwidth==0.9.2 in /workspace/.venvs/midterm-sentiment/lib/python3.12/site-packages (from -r requirements-dev.lock (line 57)) (0.9.2)
Building wheels for collected packages: charisma-lab
  Building editable for charisma-lab (pyproject.toml): started
  Building editable for charisma-lab (pyproject.toml): finished with status 'done'
  Created wheel for charisma-lab: filename=charisma_lab-0.2.0-0.editable-py3-none-any.whl size=3262 sha256=dca2f7f543a290cc2dd5e832a7e1f6652051d86b468d9b951648da0e603dd4cd
  Stored in directory: /tmp/pip-ephem-wheel-cache-ttpih0y7/wheels/e8/51/0e/d7a6c41411e2789bf5f2c99b967ddf772038759afced8f2c41
Successfully built charisma-lab
Installing collected packages: charisma-lab
  Attempting uninstall: charisma-lab
    Found existing installation: charisma-lab 0.2.0
    Uninstalling charisma-lab-0.2.0:
      Successfully uninstalled charisma-lab-0.2.0
Successfully installed charisma-lab-0.2.0

[notice] A new release of pip is available: 25.0.1 -> 26.2.1
[notice] To update, run: python -m pip install --upgrade pip
